

=== 練習問題1 ===
Expected (q2_interpretation):
  - 代謝性アシドーシス＋呼吸性アシドーシス（重症）AG開大（参考値） ※PCO2は予測値23.8＜実測値36.2で＋12.6 Torr
  - 代謝性アシドーシスの原因は乳酸アシドーシスとDKA
  - STEMI→心原性ショック→乳酸アシドーシスと予測
  - 呼吸性アシドーシスの原因はSTEMIによる心不全の可能性あり

Actual Engine Result:
  Step 1: アシデミア
  Step 2: 代謝性アシドーシス
  Step 3: inadequate_high - 予想PaCO₂ = HCO₃⁻ + 15 = 23.8 mmHg
  Step 4: AG = 23.2 → 補正AG = 23.2 (Alb補正: +0.0)
  Step 5: 補正HCO₃⁻ = 20.0 → AG正常型代謝性アシドーシス合併
  Differentials:
    - 🔴 AG開大性代謝性アシドーシス
    -   乳酸アシドーシス（敗血症・腸管虚血・ショック・ビタミンB₁欠乏）
    -   ケトアシドーシス（糖尿病性DKA・アルコール性AKA・飢餓性）
    -   中毒（メタノール・エタノール・サリチル酸・エチレングリコール）
    -   腎不全（CKD）
    - ⚡ 呼吸性アシドーシス合併の疑い（換気低下、COPD、鎮静・疲弊）
    - ⚡ Step5合併：AG正常型代謝性アシドーシス（下痢・RTA等を疑う）


=== 練習問題2 ===
Expected (q2_interpretation):
  - 代謝性アルカローシス（ラシックス®と脱水が原因と予測。低K・低Clなし）
  - AG（参考値）、呼吸代償は問題なし、乳酸値の上昇はなし
  - CKD増悪あり（尿毒症性アシドーシスや高Kはなし）
  - 電解質は高Na血症、高Cl血症あり（高K正常範囲内だが注意、高Caはなし）

Actual Engine Result:
  Step 1: 正常範囲
  Step 2: 代謝性アルカローシス
  Step 3: inadequate_high - 予想PaCO₂ = HCO₃⁻ + 15 = 49 ± 2 mmHg（上限60）
  Step 4: AG = 9.0 → 補正AG = 9.0 (Alb補正: +0.0)
  Step 5: AG非開大のためスキップ
  Differentials:
    - 🔵 代謝性アルカローシス
    -   【2大原因：H⁺の喪失】
    -   ① 嘔吐・胃液吸引
    -   ② 薬剤性（利尿薬・ステロイド・甘草）
    -   【3つの維持要因：これらを補正して治療】
    -   ① 低Cl血症（生理食塩水で補正）
    -   ② 低K血症（KCL補充で補正）
    -   ③ 脱水（有効循環血漿量の減少）
    -   （※原因不明時は原発性アルドステロン症等も考慮）
    - ⚡ 呼吸性アシドーシス合併の疑い（換気低下、COPD、鎮静・疲弊）


=== 練習問題3 ===
Expected (q2_interpretation):
  - 酸塩基平衡に大きな異常所見なし
  - 乳酸アシドーシスあり（メトホルミン中毒疑い＞敗血症疑い）
  - 軽度高Na血症、軽度高Cl血症、軽度高血糖あるがDKAもHHSは否定的
  - Cr上昇からAKIあり（腎前性腎障害疑い）

Actual Engine Result:
  Step 1: 正常範囲
  Step 2: 呼吸性アルカローシス
  Step 3: adequate - 急性：予想HCO₃⁻ = 24 − 0.2×ΔPCO₂ = 22.8 mEq/L
  Step 4: AG = 14.0 → 補正AG = 14.0 (Alb補正: +0.0)
  Step 5: 補正HCO₃⁻ = 24.0 → 追加の代謝性障害なし
  Differentials:
    - 🟢 呼吸性アルカローシス
    -   過換気症候群（疼痛・不安）
    -   敗血症（初期）
    -   肺炎・肺塞栓
    -   サリチル酸中毒（呼吸性アルカローシス + 代謝性アシドーシス）


=== 練習問題4 ===
Expected (q2_interpretation):
  - 呼吸性アルカローシス（肺炎や原因が不明、代償範囲内か予測式で確認：予測HCO3-は急性の約22 mEq/Lに近く実測は21.8 mEq/Lで代償されている）
  - 乳酸値上昇し、乳酸アシドーシスあり（敗血症性ショックが原因と推測）
  - Crとケトン、血糖からDKAと尿毒症性アシドーシスはない

Actual Engine Result:
  Step 1: アルカレミア
  Step 2: 呼吸性アルカローシス
  Step 3: adequate - 急性：予想HCO₃⁻ = 24 − 0.2×ΔPCO₂ = 22.1 mEq/L
  Step 4: AG = 8.2 → 補正AG = 8.2 (Alb補正: +0.0)
  Step 5: AG非開大のためスキップ
  Differentials:
    - 🟢 呼吸性アルカローシス
    -   過換気症候群（疼痛・不安）
    -   敗血症（初期）
    -   肺炎・肺塞栓
    -   サリチル酸中毒（呼吸性アルカローシス + 代謝性アシドーシス）


=== 練習問題5 ===
Expected (q2_interpretation):
  - 代謝性アシドーシス＋重度の呼吸性アシドーシス（肺炎が原因）
  - 乳酸アシドーシス（敗血症が原因と予測）、DKAと尿毒症性アシドーシスは否定的

Actual Engine Result:
  Step 1: アシデミア
  Step 2: 代謝性アシドーシス
  Step 3: inadequate_high - 予想PaCO₂ = HCO₃⁻ + 15 = 36.1 mmHg
  Step 4: AG = 23.9 → 補正AG = 23.9 (Alb補正: +0.0)
  Step 5: 補正HCO₃⁻ = 33.0 → 代謝性アルカローシス合併
  Differentials:
    - 🔴 AG開大性代謝性アシドーシス
    -   乳酸アシドーシス（敗血症・腸管虚血・ショック・ビタミンB₁欠乏）
    -   中毒（メタノール・エタノール・サリチル酸・エチレングリコール）
    -   腎不全（CKD）
    - ⚡ 呼吸性アシドーシス合併の疑い（換気低下、COPD、鎮静・疲弊）
    - ⚡ Step5合併：代謝性アルカローシス（嘔吐・利尿薬等を疑う）


=== 練習問題6 ===
Expected (q2_interpretation):
  - 低酸素血症はあるが、酸塩基平衡に大きな異常なし
  - 軽度の乳酸アシドーシスあり
  - その他のアシドーシス疑う所見なし、電解質異常なし

Actual Engine Result:
  Step 1: 正常範囲
  Step 2: 代謝性アシドーシス（疑い）
  Step 3: inadequate_high - 予想PaCO₂ = HCO₃⁻ + 15 = 39.5 mmHg
  Step 4: AG = 8.5 → 補正AG = 8.5 (Alb補正: +0.0)
  Step 5: AG非開大のためスキップ
  Differentials:
    - 🟠 AG正常型代謝性アシドーシス (NAGMA)
    -   ※NAGMAであっても、まずはAGMA（乳酸アシドーシス・ケトアシドーシス等）を否定してください
    -   【NAGMAの3大分類】
    -   ① 消化管からのHCO₃⁻喪失（下痢が最多・瘻孔）
    -   ② 薬剤性（アセタゾラミド等）
    -   ③ 腎不全/尿細管障害（CKD・RTA）
    -   （その他：生理食塩水大量輸液など）
    - ⚡ 呼吸性アシドーシス合併の疑い（換気低下、COPD、鎮静・疲弊）


=== 練習問題7 ===
Expected (q2_interpretation):
  - 代謝性アシドーシス＋呼吸性アルカローシス、AG開大（参考値）
  - 乳酸アシドーシスや尿毒症性アシドーシスは否定的
  - euDKA（デベルザ®は SGLT2 阻害薬）

Actual Engine Result:
  Step 1: アシデミア
  Step 2: 代謝性アシドーシス
  Step 3: inadequate_low - 予想PaCO₂ = HCO₃⁻ + 15 = 19.0 mmHg
  Step 4: AG = 20.0 → 補正AG = 20.0 (Alb補正: +0.0)
  Step 5: 補正HCO₃⁻ = 12.0 → AG正常型代謝性アシドーシス合併
  Differentials:
    - 🔴 AG開大性代謝性アシドーシス
    -   中毒（メタノール・エタノール・サリチル酸・エチレングリコール）
    -   腎不全（CKD）
    - ⚡ 呼吸性アルカローシス合併の疑い（過換気・敗血症兆候）
    - ⚡ Step5合併：AG正常型代謝性アシドーシス（下痢・RTA等を疑う）


=== 練習問題8 ===
Expected (q2_interpretation):
  - 代謝性アシドーシス（呼吸代償は問題なし）、AG（参考値）開大なし
  - 低酸素血症はあるが、呼吸性アシドーシスはなし
  - 代謝性アシドーシスの原因は尿毒症性アシドーシス（DKAなし、乳酸上昇なし）
  - 軽度の高 K 血症の併発あり

Actual Engine Result:
  Step 1: アシデミア
  Step 2: 代謝性アシドーシス
  Step 3: adequate - 予想PaCO₂ = HCO₃⁻ + 15 = 27.6 mmHg
  Step 4: AG = 10.4 → 補正AG = 10.4 (Alb補正: +0.0)
  Step 5: AG非開大のためスキップ
  Differentials:
    - 🟠 AG正常型代謝性アシドーシス (NAGMA)
    -   ※NAGMAであっても、まずはAGMA（乳酸アシドーシス・ケトアシドーシス等）を否定してください
    -   【NAGMAの3大分類】
    -   ① 消化管からのHCO₃⁻喪失（下痢が最多・瘻孔）
    -   ② 薬剤性（アセタゾラミド等）
    -   ③ 腎不全/尿細管障害（CKD・RTA）
    -   （その他：生理食塩水大量輸液など）


=== 練習問題9 ===
Expected (q2_interpretation):
  - 代謝性アルカローシス（呼吸代償は問題なし）、AG（参考値）開大なし
  - 尿毒症性アシドーシスはなし（慢性腎障害の増悪は過去のCr値と比較が必要）
  - 低 K 血症はあるが軽度で脱力の原因にはならない（高 Ca 血症はなし）
  - 低 K と代謝性アシドーシスの原因として芍薬甘草湯による偽性アルドステロン症の可能性が考えられる

Actual Engine Result:
  Step 1: 正常範囲
  Step 2: 代謝性アルカローシス
  Step 3: inadequate_low - 予想PaCO₂ = HCO₃⁻ + 15 = 43 ± 2 mmHg（上限60）
  Step 4: AG = 8.5 → 補正AG = 8.5 (Alb補正: +0.0)
  Step 5: AG非開大のためスキップ
  Differentials:
    - 🔵 代謝性アルカローシス
    -   【2大原因：H⁺の喪失】
    -   ① 嘔吐・胃液吸引
    -   ② 薬剤性（利尿薬・ステロイド・甘草）
    -   【3つの維持要因：これらを補正して治療】
    -   ① 低Cl血症（生理食塩水で補正）
    -   ② 低K血症（KCL補充で補正）
    -   ③ 脱水（有効循環血漿量の減少）
    -   （※原因不明時は原発性アルドステロン症等も考慮）
    - ⚡ 呼吸性アルカローシス合併の疑い（過換気・敗血症兆候）


=== 練習問題10 ===
Expected (q2_interpretation):
  - 代謝性アシドーシス＋呼吸性アシドーシス（重症）※PCO2予測値22.3＜実測値37.3
  - 乳酸アシドーシス
  - その他の電解質、血糖など異常なし

Actual Engine Result:
  Step 1: アシデミア
  Step 2: 代謝性アシドーシス
  Step 3: inadequate_high - 予想PaCO₂ = HCO₃⁻ + 15 = 22.3 mmHg
  Step 4: AG = 22.7 → 補正AG = 22.7 (Alb補正: +0.0)
  Step 5: 補正HCO₃⁻ = 18.0 → AG正常型代謝性アシドーシス合併
  Differentials:
    - 🔴 AG開大性代謝性アシドーシス
    -   乳酸アシドーシス（敗血症・腸管虚血・ショック・ビタミンB₁欠乏）
    -   中毒（メタノール・エタノール・サリチル酸・エチレングリコール）
    -   腎不全（CKD）
    - ⚡ 呼吸性アシドーシス合併の疑い（換気低下、COPD、鎮静・疲弊）
    - ⚡ Step5合併：AG正常型代謝性アシドーシス（下痢・RTA等を疑う）


=== 練習問題11 ===
Expected (q2_interpretation):
  - 呼吸性アルカローシス
  - 病歴から急性の呼吸性アルカローシス、予想HCO3- 21 mEq/L に対し実測は 20.2 mEq/L とほぼ代償できている
  - 乳酸アシドーシスあり（原因は過呼吸によるもの）

Actual Engine Result:
  Step 1: アルカレミア
  Step 2: 呼吸性アルカローシス
  Step 3: adequate - 急性：予想HCO₃⁻ = 24 − 0.2×ΔPCO₂ = 21.0 mEq/L
  Step 4: AG = 11.8 → 補正AG = 11.8 (Alb補正: +0.0)
  Step 5: AG非開大のためスキップ
  Differentials:
    - 🟢 呼吸性アルカローシス
    -   過換気症候群（疼痛・不安）
    -   敗血症（初期）
    -   肺炎・肺塞栓
    -   サリチル酸中毒（呼吸性アルカローシス + 代謝性アシドーシス）


=== 練習問題12 ===
Expected (q2_interpretation):
  - 代謝性アシドーシス＋呼吸性アルカローシス
  - 乳酸アシドーシスあり（hypovolemia±敗血症が原因として推測される）
  - 血糖上昇軽度あるがDKAはなし、尿毒症性アシドーシスは可能性あり
  - 軽度低Na血症、高K血症、低Ca血症あり、特に高Kは介入必要

Actual Engine Result:
  Step 1: アシデミア
  Step 2: 代謝性アシドーシス
  Step 3: inadequate_low - 予想PaCO₂ = HCO₃⁻ + 15 = 19.3 mmHg
  Step 4: AG = 19.7 → 補正AG = 19.7 (Alb補正: +0.0)
  Step 5: 補正HCO₃⁻ = 12.0 → AG正常型代謝性アシドーシス合併
  Differentials:
    - 🔴 AG開大性代謝性アシドーシス
    -   乳酸アシドーシス（敗血症・腸管虚血・ショック・ビタミンB₁欠乏）
    -   ケトアシドーシス（糖尿病性DKA・アルコール性AKA・飢餓性）
    -   中毒（メタノール・エタノール・サリチル酸・エチレングリコール）
    -   腎不全（CKD）
    - ⚡ 呼吸性アルカローシス合併の疑い（過換気・敗血症兆候）
    - ⚡ Step5合併：AG正常型代謝性アシドーシス（下痢・RTA等を疑う）


=== 練習問題13 ===
Expected (q2_interpretation):
  - 代謝性アシドーシス＋呼吸性アルカローシス、AG（参考値）開大
  - 乳酸アシドーシス＋AKA（病歴と尿ケトン）、DKAと尿毒症性アシドーシスは否定的
  - 複数の電解質異常あり: 低Na, 低K, 低Cl, 低Ca
  - 特に低Naは高度で、beer potomania の可能性もあり

Actual Engine Result:
  Step 1: アシデミア
  Step 2: 代謝性アシドーシス
  Step 3: inadequate_low - 予想PaCO₂ = HCO₃⁻ + 15 = 23.3 mmHg
  Step 4: AG = 21.7 → 補正AG = 21.7 (Alb補正: +0.0)
  Step 5: 補正HCO₃⁻ = 18.0 → AG正常型代謝性アシドーシス合併
  Differentials:
    - 🔴 AG開大性代謝性アシドーシス
    -   乳酸アシドーシス（敗血症・腸管虚血・ショック・ビタミンB₁欠乏）
    -   中毒（メタノール・エタノール・サリチル酸・エチレングリコール）
    -   腎不全（CKD）
    - ⚡ 呼吸性アルカローシス合併の疑い（過換気・敗血症兆候）
    - ⚡ Step5合併：AG正常型代謝性アシドーシス（下痢・RTA等を疑う）


=== 練習問題14 ===
Expected (q2_interpretation):
  - 大きな酸塩基平衡の異常なし、乳酸値の上昇なし
  - 高Na血症、高Ca血症→意識障害の原因としては暫定診断、補正とともに意識が改善すれば確定診断
  - 高Ca血症の原因としてエディロール®（活性化VitD製剤）あり

Actual Engine Result:
  Step 1: 正常範囲
  Step 2: 明らかな一次性変化なし
  Step 3: na - 評価対象外
  Step 4: AG = 4.1 → 補正AG = 4.1 (Alb補正: +0.0)
  Step 5: AG非開大のためスキップ
  Differentials:


=== 練習問題15 ===
Expected (q2_interpretation):
  - 急性の呼吸性アルカローシス（胸痛が原因と推測）
  - HCO3-の予測値は約20 mEq/Lに対し実測値19.6 mEq/Lで代償している
  - 高乳酸血症あり（心原性ショックが主な原因だが、循環血流量減少の要素もあり）
  - HHSあり、DKAの併発はなし
  - 意識混濁の原因はHHSが主病態だが、ショックの要素もありそう
  - 低Na血症（おそらく無症候性）、高K血症、低Cl血症あり

Actual Engine Result:
  Step 1: 正常範囲
  Step 2: 呼吸性アルカローシス
  Step 3: adequate - 慢性：予想HCO₃⁻ = 24 − 0.5×ΔPCO₂ = 18.4 mEq/L
  Step 4: AG = 17.4 → 補正AG = 17.4 (Alb補正: +0.0)
  Step 5: 補正HCO₃⁻ = 25.0 → 追加の代謝性障害なし
  Differentials:
    - 🟢 呼吸性アルカローシス
    -   過換気症候群（疼痛・不安）
    -   敗血症（初期）
    -   肺炎・肺塞栓
    -   サリチル酸中毒（呼吸性アルカローシス + 代謝性アシドーシス）


=== 練習問題16 ===
Expected (q2_interpretation):
  - 呼吸性アシドーシス（急性）
  - ※HCO3-の予測値 30 mEq/L に対し実測値 32.1 mEq/L であり、ほぼ代償している
  - 乳酸値上昇なし、明らかな代謝性障害の併発所見なし
  - 高CO2血症以外に意識障害の原因となる血糖、電解質異常などはない
  - COPD患者が肺炎を契機にCOPD増悪も併発し高CO2血症ナルコーシスによる意識障害となったと推測される

Actual Engine Result:
  Step 1: アシデミア
  Step 2: 呼吸性アシドーシス
  Step 3: adequate - 急性：予想HCO₃⁻ = 24 + 0.1×ΔPCO₂ = 30.3 mEq/L
  Step 4: AG = 9.9 → 補正AG = 9.9 (Alb補正: +0.0)
  Step 5: AG非開大のためスキップ
  Differentials:
    - 🟣 呼吸性アシドーシス
    -   COPD急性増悪
    -   重症喘息
    -   神経筋疾患（GBS・重症筋無力症）
    -   鎮静薬過量（ベンゾジアゼピン・オピオイド）
    -   肺水腫
